[2026-06-03 14:45:55] Se consulto la informacion del sistema
[2026-06-03 14:45:56] Se consulto la informacion del sistema
[2026-06-03 14:45:58] Se listaron los procesos activos
[2026-06-03 14:45:58] Programador de tareas iniciado
[2026-06-03 14:45:58] Aplicacion iniciada
[2026-06-03 14:46:54] Se consulto la informacion del sistema
[2026-06-03 14:46:55] Se consulto la informacion del sistema
[2026-06-03 14:47:08] Se consulto la informacion del sistema
[2026-06-03 14:47:09] Se listaron los procesos activos
[2026-06-03 14:47:09] Reporte PDF generado: C:\Users\JEREMY\Downloads\SYSADMIN_ASSISTANT_COMPLETO\SYSADMIN_ASSISTANT\reportes\reporte_sistema_20260603_144709.pdf
[2026-06-03 14:51:08] Se listaron los procesos activos
[2026-06-03 14:51:21] Se listaron los procesos activos
[2026-06-03 14:51:21] Busqueda de proceso: brave
[2026-06-03 14:51:32] Se listaron los procesos activos
[2026-06-03 14:51:33] Se listaron los procesos activos
[2026-06-03 14:51:35] Se listaron los procesos activos
[2026-06-03 14:51:36] Se listaron los procesos activos
[2026-06-03 14:51:37] Se listaron los procesos activos
[2026-06-03 14:51:38] Se listaron los procesos activos
[2026-06-03 14:51:39] Se listaron los procesos activos
[2026-06-03 14:51:40] Se listaron los procesos activos
[2026-06-03 14:51:41] Se listaron los procesos activos
[2026-06-03 14:51:42] Se listaron los procesos activos
[2026-06-03 14:51:43] Se listaron los procesos activos
[2026-06-03 14:51:44] Se listaron los procesos activos
[2026-06-03 14:51:46] Se listaron los procesos activos
[2026-06-03 14:51:47] Se listaron los procesos activos
[2026-06-03 14:51:48] Se listaron los procesos activos
[2026-06-03 14:51:49] Se listaron los procesos activos
[2026-06-03 15:00:45] Se consulto la informacion del sistema
[2026-06-03 15:00:46] Se consulto la informacion del sistema
[2026-06-03 15:00:47] Se listaron los procesos activos
[2026-06-03 15:00:47] Programador de tareas iniciado
[2026-06-03 15:00:47] Aplicacion iniciada
[2026-06-03 15:00:54] Programador de tareas detenido
[2026-06-03 15:00:54] Aplicacion cerrada
